// Jest Snapshot v1, https://goo.gl/fbAQLP

exports[`renders correctly 1`] = `
<div
  className="transactions"
>
  <h2>
    History
  </h2>
  <div
    className="transaction"
  >
    <div
      className="transaction__left__left"
    >
      <div
        className="transaction__left__message"
      >
        Sent
         ₹
        10
         
        to
         
        Barshan
      </div>
      <div
        className="transaction__left__note"
      >
        lunch
      </div>
    </div>
    <div
      className="transaction__right"
    >
      <div
        className="transaction__right__date"
      >
        Feb 7
      </div>
      <div
        className="transaction__right__balance"
      >
         
        Balance: ₹
        990
      </div>
    </div>
  </div>
  <div
    className="transaction"
  >
    <div
      className="transaction__left__left"
    >
      <div
        className="transaction__left__message"
      >
        Received
        ₹
        10
         
        from
         Devdulal
        
      </div>
      
    </div>
    <div
      className="transaction__right"
    >
      <div
        className="transaction__right__date"
      >
        Feb 2
      </div>
      <div
        className="transaction__right__balance"
      >
         
        Balance: ₹
        1000
      </div>
    </div>
  </div>
  <div
    className="transaction"
  >
    <div
      className="transaction__left__left"
    >
      <div
        className="transaction__left__message"
      >
        Sent
         ₹
        10
         
        to
         
        Shreya
      </div>
      <div
        className="transaction__left__note"
      >
        cab share
      </div>
    </div>
    <div
      className="transaction__right"
    >
      <div
        className="transaction__right__date"
      >
        Jan 20
      </div>
      <div
        className="transaction__right__balance"
      >
         
        Balance: ₹
        990
      </div>
    </div>
  </div>
  <div
    className="transaction"
  >
    <div
      className="transaction__left__left"
    >
      <div
        className="transaction__left__message"
      >
        Received
         ₹
        10
         
        from
         
        Manasij
      </div>
      <div
        className="transaction__left__note"
      >
        cinema
      </div>
    </div>
    <div
      className="transaction__right"
    >
      <div
        className="transaction__right__date"
      >
        Jan 18
      </div>
      <div
        className="transaction__right__balance"
      >
         
        Balance: ₹
        1000
      
      </div>
    </div>
  </div>
</div>
`;
